[2026-07-03T23:51:29.702472+00:00] Unshuffle launcher event
app_version=1.0.2
python=3.14.4
platform=Windows-11-10.0.26200-SP0
executable=D:\Music\unshuffle\.venv\Scripts\python.exe
message=main-enter
argv=D:\Music\unshuffle-before-fast-hash\gui\__main__.py
[2026-07-03T23:51:29.702974+00:00] Unshuffle launcher event
app_version=1.0.2
python=3.14.4
platform=Windows-11-10.0.26200-SP0
executable=D:\Music\unshuffle\.venv\Scripts\python.exe
message=create-qapplication
[2026-07-03T23:51:29.720660+00:00] Unshuffle launcher event
app_version=1.0.2
python=3.14.4
platform=Windows-11-10.0.26200-SP0
executable=D:\Music\unshuffle\.venv\Scripts\python.exe
message=show-startup-dialog
[2026-07-03T23:51:39.941767+00:00] Unshuffle launcher event
app_version=1.0.2
python=3.14.4
platform=Windows-11-10.0.26200-SP0
executable=D:\Music\unshuffle\.venv\Scripts\python.exe
message=startup-dialog-accepted
mode=refresh
roots=1
target=D:/Drum Kits
[2026-07-03T23:51:39.942830+00:00] Unshuffle launcher event
app_version=1.0.2
python=3.14.4
platform=Windows-11-10.0.26200-SP0
executable=D:\Music\unshuffle\.venv\Scripts\python.exe
message=create-main-window
mode=refresh
[2026-07-03T23:51:41.107756+00:00] Unshuffle launcher event
app_version=1.0.2
python=3.14.4
platform=Windows-11-10.0.26200-SP0
executable=D:\Music\unshuffle\.venv\Scripts\python.exe
message=launch-refresh-start
roots=1
target=D:/Drum Kits
[2026-07-03T23:51:41.150408+00:00] Unshuffle launcher event
app_version=1.0.2
python=3.14.4
platform=Windows-11-10.0.26200-SP0
executable=D:\Music\unshuffle\.venv\Scripts\python.exe
message=enter-event-loop
mode=refresh
[2026-07-03T23:53:45.190007+00:00] Unshuffle launcher event
app_version=1.0.2
python=3.14.4
platform=Windows-11-10.0.26200-SP0
executable=D:\Music\unshuffle\.venv\Scripts\python.exe
message=show-main-window
splash=True
[2026-07-03T23:53:49.387855+00:00] Unshuffle launcher event
app_version=1.0.2
python=3.14.4
platform=Windows-11-10.0.26200-SP0
executable=D:\Music\unshuffle\.venv\Scripts\python.exe
message=launch-refresh-finished
[2026-07-03T23:53:50.487250+00:00] Unshuffle launcher event
app_version=1.0.2
python=3.14.4
platform=Windows-11-10.0.26200-SP0
executable=D:\Music\unshuffle\.venv\Scripts\python.exe
message=qapplication-about-to-quit
[2026-07-03T23:53:50.489457+00:00] Unshuffle launcher event
app_version=1.0.2
python=3.14.4
platform=Windows-11-10.0.26200-SP0
executable=D:\Music\unshuffle\.venv\Scripts\python.exe
message=event-loop-returned
result=0
